
> distram-pro@1.0.0 build
> next build

 ⚠ Warning: Next.js inferred your workspace root, but it may not be correct.
 We detected multiple lockfiles and selected the directory of /Users/faicalkriouar/package-lock.json as the root directory.
 To silence this warning, set `outputFileTracingRoot` in your Next.js config, or consider removing one of the lockfiles if it's not needed.
   See https://nextjs.org/docs/app/api-reference/config/next-config-js/output#caveats for more information.
 Detected additional lockfiles: 
   * /Users/faicalkriouar/fastgross-pro/package-lock.json

   ▲ Next.js 15.5.11
   - Environments: .env.local

   Creating an optimized production build ...
 ⚠ Mismatching @next/swc version, detected: 15.5.7 while Next.js is on 15.5.11. Please ensure these match
 ⚠ Mismatching @next/swc version, detected: 15.5.7 while Next.js is on 15.5.11. Please ensure these match
 ⚠ Mismatching @next/swc version, detected: 15.5.7 while Next.js is on 15.5.11. Please ensure these match
 ✓ Compiled successfully in 23.2s
   Linting and checking validity of types ...

./src/app/(app)/anti-churn/page.tsx
14:3  Warning: 'Calendar' is defined but never used.  @typescript-eslint/no-unused-vars
21:26  Warning: 'formatRelativeDate' is defined but never used.  @typescript-eslint/no-unused-vars
25:10  Warning: 'selectedClient' is assigned a value but never used.  @typescript-eslint/no-unused-vars
25:26  Warning: 'setSelectedClient' is assigned a value but never used.  @typescript-eslint/no-unused-vars

./src/app/(app)/assistant/page.tsx
8:10  Warning: 'Badge' is defined but never used.  @typescript-eslint/no-unused-vars
22:10  Warning: 'formatCurrency' is defined but never used.  @typescript-eslint/no-unused-vars

./src/app/(app)/devis/[id]/DevisEditorClient.tsx
135:6  Warning: React Hook useEffect has a missing dependency: 'loadDevis'. Either include it or remove the dependency array.  react-hooks/exhaustive-deps

./src/app/(app)/devis/page.tsx
11:3  Warning: 'Plus' is defined but never used.  @typescript-eslint/no-unused-vars

./src/app/(app)/scan-menu/page.tsx
17:3  Warning: 'FileText' is defined but never used.  @typescript-eslint/no-unused-vars
18:3  Warning: 'ShoppingCart' is defined but never used.  @typescript-eslint/no-unused-vars
32:3  Warning: 'Euro' is defined but never used.  @typescript-eslint/no-unused-vars
35:33  Warning: 'MenuAnalysisResult' is defined but never used.  @typescript-eslint/no-unused-vars
203:61  Warning: 'plats' is defined but never used. Allowed unused args must match /^_/u.  @typescript-eslint/no-unused-vars

./src/app/(app)/stocks/page.tsx
18:3  Warning: 'CheckCircle' is defined but never used.  @typescript-eslint/no-unused-vars

./src/app/(app)/tournees/page.tsx
13:3  Warning: 'Plus' is defined but never used.  @typescript-eslint/no-unused-vars
14:3  Warning: 'Play' is defined but never used.  @typescript-eslint/no-unused-vars
21:10  Warning: 'formatCurrency' is defined but never used.  @typescript-eslint/no-unused-vars
35:10  Warning: 'optimizedRoute' is assigned a value but never used.  @typescript-eslint/no-unused-vars

./src/app/(auth)/forgot-password/page.tsx
22:14  Warning: 'err' is defined but never used.  @typescript-eslint/no-unused-vars

./src/app/alerts/page.tsx
18:3  Warning: 'Filter' is defined but never used.  @typescript-eslint/no-unused-vars
27:3  Warning: 'DropdownMenuItem' is defined but never used.  @typescript-eslint/no-unused-vars

./src/app/analytics/page.tsx
7:3  Warning: 'TrendingDown' is defined but never used.  @typescript-eslint/no-unused-vars

./src/app/catalogues/page.tsx
6:3  Warning: 'Filter' is defined but never used.  @typescript-eslint/no-unused-vars
9:3  Warning: 'TrendingDown' is defined but never used.  @typescript-eslint/no-unused-vars
48:3  Warning: 'getBestsellers' is defined but never used.  @typescript-eslint/no-unused-vars
49:3  Warning: 'getPromotions' is defined but never used.  @typescript-eslint/no-unused-vars
50:3  Warning: 'getLowStockProducts' is defined but never used.  @typescript-eslint/no-unused-vars
61:10  Warning: 'showFilters' is assigned a value but never used.  @typescript-eslint/no-unused-vars
61:23  Warning: 'setShowFilters' is assigned a value but never used.  @typescript-eslint/no-unused-vars
129:9  Warning: 'getStockStatus' is assigned a value but never used.  @typescript-eslint/no-unused-vars
135:9  Warning: 'getCategoryInfo' is assigned a value but never used.  @typescript-eslint/no-unused-vars

./src/app/chat/page.tsx
34:3  Warning: 'Reply' is defined but never used.  @typescript-eslint/no-unused-vars
36:3  Warning: 'Trash2' is defined but never used.  @typescript-eslint/no-unused-vars
38:3  Warning: 'Copy' is defined but never used.  @typescript-eslint/no-unused-vars
43:3  Warning: 'ArrowUp' is defined but never used.  @typescript-eslint/no-unused-vars
49:3  Warning: 'CheckCircle2' is defined but never used.  @typescript-eslint/no-unused-vars
57:11  Warning: 'Thread' is defined but never used.  @typescript-eslint/no-unused-vars
252:10  Warning: 'searchQuery' is assigned a value but never used.  @typescript-eslint/no-unused-vars
252:23  Warning: 'setSearchQuery' is assigned a value but never used.  @typescript-eslint/no-unused-vars
259:10  Warning: 'showSearch' is assigned a value but never used.  @typescript-eslint/no-unused-vars
347:9  Warning: 'currentCategory' is assigned a value but never used.  @typescript-eslint/no-unused-vars
348:9  Warning: 'pinnedChannels' is assigned a value but never used.  @typescript-eslint/no-unused-vars
361:9  Warning: 'getStatusIcon' is assigned a value but never used.  @typescript-eslint/no-unused-vars
706:31  Warning: 'Icon' is assigned a value but never used.  @typescript-eslint/no-unused-vars

./src/app/commercial/clients/[id]/order/page.tsx
53:10  Warning: '_usualProducts' is assigned a value but never used.  @typescript-eslint/no-unused-vars

./src/app/commercial/clients/page.tsx
69:6  Warning: React Hook useEffect has a missing dependency: 'loadClients'. Either include it or remove the dependency array.  react-hooks/exhaustive-deps

./src/app/commercial/map/page.tsx
12:3  Warning: 'Clock' is defined but never used.  @typescript-eslint/no-unused-vars
21:10  Warning: 'Badge' is defined but never used.  @typescript-eslint/no-unused-vars
125:6  Warning: React Hook useEffect has a missing dependency: 'defaultCenter'. Either include it or remove the dependency array.  react-hooks/exhaustive-deps

./src/app/commercial/page.tsx
9:3  Warning: 'Users' is defined but never used.  @typescript-eslint/no-unused-vars
20:3  Warning: 'ArrowDownRight' is defined but never used.  @typescript-eslint/no-unused-vars
208:10  Warning: 'selectedPeriod' is assigned a value but never used.  @typescript-eslint/no-unused-vars
208:26  Warning: 'setSelectedPeriod' is assigned a value but never used.  @typescript-eslint/no-unused-vars

./src/app/commercial/prospects/page.tsx
18:10  Warning: 'Badge' is defined but never used.  @typescript-eslint/no-unused-vars
60:6  Warning: React Hook useEffect has a missing dependency: 'loadProspects'. Either include it or remove the dependency array.  react-hooks/exhaustive-deps

./src/app/commercial/stats/page.tsx
8:3  Warning: 'Euro' is defined but never used.  @typescript-eslint/no-unused-vars

./src/app/livreur/[id]/page.tsx
50:6  Warning: React Hook useEffect has a missing dependency: 'loadDelivery'. Either include it or remove the dependency array.  react-hooks/exhaustive-deps

./src/app/livreur/messages/page.tsx
12:10  Warning: 'Card' is defined but never used.  @typescript-eslint/no-unused-vars

./src/app/livreur/page.tsx
17:3  Warning: 'AlertCircle' is defined but never used.  @typescript-eslint/no-unused-vars
19:3  Warning: 'ChevronRight' is defined but never used.  @typescript-eslint/no-unused-vars

./src/app/marketing/attribution/page.tsx
95:10  Warning: '_isLoading' is assigned a value but never used.  @typescript-eslint/no-unused-vars

./src/app/marketing/page.tsx
432:9  Warning: 'totalBudget' is assigned a value but never used.  @typescript-eslint/no-unused-vars

./src/app/orders/page.tsx
8:3  Warning: 'Edit' is defined but never used.  @typescript-eslint/no-unused-vars
299:9  Warning: 'handleDelete' is assigned a value but never used.  @typescript-eslint/no-unused-vars

./src/app/page.tsx
13:3  Warning: 'MoreHorizontal' is defined but never used.  @typescript-eslint/no-unused-vars
24:3  Warning: 'TrendingUp' is defined but never used.  @typescript-eslint/no-unused-vars
27:3  Warning: 'Search' is defined but never used.  @typescript-eslint/no-unused-vars
30:3  Warning: 'Flame' is defined but never used.  @typescript-eslint/no-unused-vars

./src/app/portail/catalogue/page.tsx
39:6  Warning: React Hook useEffect has a missing dependency: 'loadProducts'. Either include it or remove the dependency array.  react-hooks/exhaustive-deps

./src/app/portail/commandes/[id]/page.tsx
54:6  Warning: React Hook useEffect has a missing dependency: 'loadOrder'. Either include it or remove the dependency array.  react-hooks/exhaustive-deps

./src/app/portail/commandes/page.tsx
36:6  Warning: React Hook useEffect has a missing dependency: 'loadOrders'. Either include it or remove the dependency array.  react-hooks/exhaustive-deps

./src/app/portail/factures/[id]/page.tsx
38:6  Warning: React Hook useEffect has a missing dependency: 'loadInvoice'. Either include it or remove the dependency array.  react-hooks/exhaustive-deps

./src/app/portail/factures/page.tsx
36:6  Warning: React Hook useEffect has a missing dependency: 'loadInvoices'. Either include it or remove the dependency array.  react-hooks/exhaustive-deps

./src/app/prospects/automation/page.tsx
111:11  Warning: 'sidebarOpen' is assigned a value but never used.  @typescript-eslint/no-unused-vars
111:24  Warning: 'setSidebarOpen' is assigned a value but never used.  @typescript-eslint/no-unused-vars
111:40  Warning: 'toggleSidebar' is assigned a value but never used.  @typescript-eslint/no-unused-vars

./src/app/prospects/page.tsx
8:3  Warning: 'Mail' is defined but never used.  @typescript-eslint/no-unused-vars
9:3  Warning: 'Calendar' is defined but never used.  @typescript-eslint/no-unused-vars
386:11  Warning: 'StatusIcon' is assigned a value but never used.  @typescript-eslint/no-unused-vars

./src/app/referral/page.tsx
137:10  Warning: '_showInviteForm' is assigned a value but never used.  @typescript-eslint/no-unused-vars

./src/app/register/page.tsx
16:3  Warning: 'Users' is defined but never used.  @typescript-eslint/no-unused-vars

./src/app/settings/page.tsx
125:24  Warning: 'setIntegrations' is assigned a value but never used.  @typescript-eslint/no-unused-vars

./src/app/settings/users/page.tsx
160:10  Warning: '_isLoading' is assigned a value but never used.  @typescript-eslint/no-unused-vars
160:22  Warning: '_setIsLoading' is assigned a value but never used.  @typescript-eslint/no-unused-vars
344:25  Warning: '_RoleIcon' is assigned a value but never used.  @typescript-eslint/no-unused-vars
588:9  Warning: '_showManagerField' is assigned a value but never used.  @typescript-eslint/no-unused-vars

./src/app/supervision/equipe/[id]/page.tsx
39:6  Warning: React Hook useEffect has a missing dependency: 'loadMember'. Either include it or remove the dependency array.  react-hooks/exhaustive-deps

./src/app/supervision/equipe/page.tsx
35:6  Warning: React Hook useEffect has a missing dependency: 'loadMembers'. Either include it or remove the dependency array.  react-hooks/exhaustive-deps

./src/app/supervision/performances/page.tsx
38:6  Warning: React Hook useEffect has a missing dependency: 'loadPerformances'. Either include it or remove the dependency array.  react-hooks/exhaustive-deps

./src/app/welcome/page.tsx
7:3  Warning: 'Check' is defined but never used.  @typescript-eslint/no-unused-vars
8:3  Warning: 'Star' is defined but never used.  @typescript-eslint/no-unused-vars
14:3  Warning: 'Clock' is defined but never used.  @typescript-eslint/no-unused-vars
37:3  Warning: 'Filter' is defined but never used.  @typescript-eslint/no-unused-vars
41:3  Warning: 'MousePointer' is defined but never used.  @typescript-eslint/no-unused-vars

./src/components/alerts/alerts-summary.tsx
203:24  Warning: '_setPendingCount' is assigned a value but never used.  @typescript-eslint/no-unused-vars

./src/components/auth/require-permission.tsx
136:11  Warning: The 'userPermissions' conditional could make the dependencies of useEffect Hook (at line 146) change on every render. To fix this, wrap the initialization of 'userPermissions' in its own useMemo() Hook.  react-hooks/exhaustive-deps

./src/components/layout/Header.tsx
5:10  Warning: 'Button' is defined but never used.  @typescript-eslint/no-unused-vars
7:10  Warning: 'Badge' is defined but never used.  @typescript-eslint/no-unused-vars
11:3  Warning: 'Plus' is defined but never used.  @typescript-eslint/no-unused-vars
12:3  Warning: 'Menu' is defined but never used.  @typescript-eslint/no-unused-vars
13:3  Warning: 'X' is defined but never used.  @typescript-eslint/no-unused-vars
26:10  Warning: 'showSearch' is assigned a value but never used.  @typescript-eslint/no-unused-vars
26:22  Warning: 'setShowSearch' is assigned a value but never used.  @typescript-eslint/no-unused-vars

./src/components/layout/Sidebar.tsx
21:3  Warning: 'ChevronDown' is defined but never used.  @typescript-eslint/no-unused-vars

./src/components/layout/app-layout.tsx
23:3  Warning: 'LogOut' is defined but never used.  @typescript-eslint/no-unused-vars
85:31  Warning: 'sidebarOpen' is assigned a value but never used.  @typescript-eslint/no-unused-vars
85:44  Warning: 'setSidebarOpen' is assigned a value but never used.  @typescript-eslint/no-unused-vars
96:16  Warning: 'e' is defined but never used.  @typescript-eslint/no-unused-vars

./src/components/tracking/tracking-map.tsx
4:50  Warning: 'useMap' is defined but never used.  @typescript-eslint/no-unused-vars
210:13  Warning: '_unsubscribe' is assigned a value but never used.  @typescript-eslint/no-unused-vars

./src/components/vitrine/DemoForm.tsx
34:14  Warning: 'err' is defined but never used.  @typescript-eslint/no-unused-vars

./src/components/vitrine/Hero.tsx
16:6  Warning: React Hook useEffect has a missing dependency: 'words.length'. Either include it or remove the dependency array.  react-hooks/exhaustive-deps

./src/hooks/useAuth.ts
62:14  Warning: 'error' is defined but never used.  @typescript-eslint/no-unused-vars

./src/hooks/useFirestore.ts
60:6  Warning: React Hook useEffect has a missing dependency: 'filters'. Either include it or remove the dependency array.  react-hooks/exhaustive-deps
60:33  Warning: React Hook useEffect has a complex expression in the dependency array. Extract it to a separate variable so it can be statically checked.  react-hooks/exhaustive-deps

./src/hooks/useTracking.ts
6:3  Warning: 'getLivreurPosition' is defined but never used.  @typescript-eslint/no-unused-vars
87:18  Warning: 'err' is defined but never used.  @typescript-eslint/no-unused-vars
116:14  Warning: 'err' is defined but never used.  @typescript-eslint/no-unused-vars
148:14  Warning: 'err' is defined but never used.  @typescript-eslint/no-unused-vars

./src/middleware.ts
9:28  Warning: 'request' is defined but never used. Allowed unused args must match /^_/u.  @typescript-eslint/no-unused-vars

./src/services/ai/expert-ai-service.ts
573:43  Warning: 'k' is defined but never used. Allowed unused args must match /^_/u.  @typescript-eslint/no-unused-vars

./src/services/alert-notification-service.ts
318:9  Warning: '_log' is assigned a value but never used.  @typescript-eslint/no-unused-vars

./src/services/firebase/realtime.ts
8:3  Warning: 'push' is defined but never used.  @typescript-eslint/no-unused-vars
9:3  Warning: 'child' is defined but never used.  @typescript-eslint/no-unused-vars

./src/services/pdf/quote-generator.ts
229:34  Warning: 'clientId' is defined but never used. Allowed unused args must match /^_/u.  @typescript-eslint/no-unused-vars

info  - Need to disable some ESLint rules? Learn more here: https://nextjs.org/docs/app/api-reference/config/eslint#disabling-rules
   Collecting page data ...
 ⚠ Mismatching @next/swc version, detected: 15.5.7 while Next.js is on 15.5.11. Please ensure these match
   Generating static pages (0/51) ...
   Generating static pages (12/51) 
   Generating static pages (25/51) 
   Generating static pages (38/51) 
 ✓ Generating static pages (51/51)
   Finalizing page optimization ...
   Collecting build traces ...

Route (app)                                 Size  First Load JS
┌ ○ /                                    9.05 kB         128 kB
├ ○ /_not-found                             1 kB         103 kB
├ ○ /alerts                              6.38 kB         158 kB
├ ○ /analytics                           7.87 kB         126 kB
├ ○ /anti-churn                          6.92 kB         270 kB
├ ○ /assistant                           6.82 kB         270 kB
├ ○ /catalogues                           7.1 kB         178 kB
├ ○ /chat                                14.9 kB         128 kB
├ ○ /clients                             11.8 kB         163 kB
├ ○ /commercial                            10 kB         129 kB
├ ○ /commercial/clients                  6.57 kB         123 kB
├ ƒ /commercial/clients/[id]              5.9 kB         122 kB
├ ƒ /commercial/clients/[id]/order       7.29 kB         151 kB
├ ○ /commercial/map                      11.8 kB         183 kB
├ ○ /commercial/profile                     7 kB         121 kB
├ ○ /commercial/prospects                5.99 kB         123 kB
├ ○ /commercial/stats                    6.51 kB         120 kB
├ ○ /devis                                3.4 kB         271 kB
├ ● /devis/[id]                          13.1 kB         277 kB
├   └ /devis/nouveau
├ ○ /forgot-password                     6.06 kB         269 kB
├ ƒ /landing/[slug]                      5.42 kB         313 kB
├ ○ /livreur                             8.51 kB         127 kB
├ ƒ /livreur/[id]                        8.36 kB         122 kB
├ ○ /livreur/map                         4.36 kB         166 kB
├ ○ /livreur/messages                    3.95 kB         118 kB
├ ○ /livreur/profile                     6.71 kB         125 kB
├ ○ /login                               10.3 kB         273 kB
├ ○ /marketing                           8.75 kB         127 kB
├ ○ /marketing/attribution                110 kB         381 kB
├ ○ /orders                              9.02 kB         180 kB
├ ○ /portail                             8.61 kB         134 kB
├ ○ /portail/catalogue                   4.29 kB         122 kB
├ ○ /portail/commandes                   3.47 kB         121 kB
├ ƒ /portail/commandes/[id]              3.15 kB         123 kB
├ ○ /portail/factures                    3.53 kB         121 kB
├ ƒ /portail/factures/[id]               4.04 kB         122 kB
├ ○ /portail/panier                      4.26 kB         153 kB
├ ○ /portail/profile                      3.7 kB         123 kB
├ ○ /prospects                           10.9 kB         172 kB
├ ○ /prospects/automation                11.9 kB         340 kB
├ ○ /prospects/sourcing                  12.4 kB         317 kB
├ ○ /referral                            7.83 kB         117 kB
├ ○ /register                            6.06 kB         269 kB
├ ○ /scan-menu                             39 kB         303 kB
├ ○ /settings                            11.3 kB         139 kB
├ ○ /settings/pricing                    15.3 kB         159 kB
├ ○ /settings/users                      9.88 kB         163 kB
├ ○ /stocks                              3.63 kB         271 kB
├ ○ /supervision                         9.57 kB         128 kB
├ ○ /supervision/equipe                   3.3 kB         121 kB
├ ƒ /supervision/equipe/[id]             3.48 kB         121 kB
├ ○ /supervision/performances            3.45 kB         121 kB
├ ○ /supervision/validations             4.52 kB         122 kB
├ ○ /tournees                            5.17 kB         269 kB
├ ○ /tracking                            4.79 kB         123 kB
└ ○ /welcome                             16.5 kB         129 kB
+ First Load JS shared by all             102 kB
  ├ chunks/1255-7999eac54f80a49f.js      45.7 kB
  ├ chunks/4bd1b696-100b9d70ed4e49c1.js  54.2 kB
  └ other shared chunks (total)          2.07 kB


ƒ Middleware                             33.9 kB

○  (Static)   prerendered as static content
●  (SSG)      prerendered as static HTML (uses generateStaticParams)
ƒ  (Dynamic)  server-rendered on demand

